// Vitest Snapshot v1, https://vitest.dev/guide/snapshot.html

exports[`Welcome > Welcome message is rendered 1`] = `
<div>
  <main
    aria-label="Welcome"
  >
    <h1>
      Welcome To 
      <span
        class="sc-FEMpB dCbcyi"
      >
        PickFlick
      </span>
       
    </h1>
     
    <p>
      We specilize in selling the best animation flicks
    </p>
    <div
      class="sc-gjcoXW fcWqld"
    >
      <a
        data-discover="true"
        href="/Store"
      >
        Store
      </a>
      <a
        data-discover="true"
        href="/Cart"
      >
        Cart
      </a>
    </div>
  </main>
</div>
`;
